// Jest Snapshot v1, https://goo.gl/fbAQLP

exports[`<MyComponent /> should match snapshot 1`] = `"<div class=\\"my-component\\" role=\\"presentation\\"><h1>Hello ReX React Component Starter Kit!!</h1></div>"`;
